yarn run v1.22.22
warning package.json: No license field
$ qwik build

      ............
    .::: :--------:.
   .::::  .:-------:.
  .:::::.   .:-------.
  ::::::.     .:------.
 ::::::.        :-----:
 ::::::.       .:-----.
  :::::::.     .-----.
   ::::::::..   ---:.
    .:::::::::. :-:.
     ..::::::::::::
             ...::::
     


yarn run build.client
yarn run build.server

warning package.json: No license field
$ vite build
[33mThe CJS build of Vite's Node API is deprecated. See https://vite.dev/guide/troubleshooting.html#vite-cjs-node-api-deprecated for more details.[39m
using deprecated parameters for the initialization function; pass a single object instead

(process:18608): GLib-GObject-CRITICAL **: 19:44:09.945: invalid unclassed type '(NULL)' in class cast to '(NULL)'

(process:18608): GLib-GObject-CRITICAL **: 19:44:09.945: invalid unclassed type '(NULL)' in class cast to '(NULL)'

(process:18608): GLib-GObject-CRITICAL **: 19:44:09.946: invalid unclassed type '(NULL)' in class cast to '(NULL)'

(process:18608): GLib-GObject-CRITICAL **: 19:44:09.946: invalid unclassed type '(NULL)' in class cast to '(NULL)'

(process:18608): GLib-GObject-CRITICAL **: 19:44:09.946: invalid unclassed type '(NULL)' in class cast to '(NULL)'

(process:18608): GLib-GObject-CRITICAL **: 19:44:09.946: invalid unclassed type '(NULL)' in class cast to '(NULL)'

(process:18608): GLib-GObject-CRITICAL **: 19:44:09.946: invalid unclassed type '(NULL)' in class cast to '(NULL)'

(process:18608): GLib-GObject-CRITICAL **: 19:44:09.946: invalid unclassed type '(NULL)' in class cast to '(NULL)'
[36mvite v5.4.20 [32mbuilding for production...[36m[39m
transforming...
[32m✓[39m 476 modules transformed.
[31mx[39m Build failed in 2.90s
[31merror during build:
[31m[vite-plugin-qwik] Unexpected token `div`. Expected jsx identifier[31m
file: [36mC:/Users/golfredo/Documents/apps/koolinart/marketplace-knrt/src/routes/[locale]/mint/index.tsx:1472:6[31m
[39m
error Command failed with exit code 1.
info Visit https://yarnpkg.com/en/docs/cli/run for documentation about this command.

❌ Error: Client build failed: Error: Command failed with exit code 1: yarn run build.client

error Command failed with exit code 1.
info Visit https://yarnpkg.com/en/docs/cli/run for documentation about this command.
